// Jest Snapshot v1, https://goo.gl/fbAQLP

exports[`<Layout /> should be render correctly 1`] = `
<div>
  <div
    data-testid="mocked-header"
  >
    Header
  </div>
  <div
    class="styles__MainContent-sc-1fdzcc4-0 eQpLcO"
  >
    <div
      data-testid="main-content"
    >
      Conte√∫do
    </div>
  </div>
  <div
    data-testid="mocked-header"
  >
    Header
  </div>
</div>
`
